// Jest Snapshot v1, https://goo.gl/fbAQLP

exports[`<Form /> renders correctly 1`] = `
<form
  onSubmit={[Function]}
>
  <input
    className="useInput"
    name="url"
    onChange={[Function]}
    placeholder="Type the URL  for the API"
    type="text"
  />
  <br />
  <label>
    GET
    <input
      name="GET"
      required={true}
      type="radio"
    />
  </label>
  <label>
    POST
    <input
      name="POST"
      type="radio"
    />
  </label>
  <label>
     PUT
    <input
      name="PUT"
      type="radio"
    />
  </label>
  <label>
    DELETE
    <input
      name="DELETE"
      type="radio"
    />
  </label>
  <button
    type="submit"
  >
    Go!
  </button>
</form>
`;
